
Memory Configuration

Name             Origin             Length             Attributes
*default*        0x0000000000000000 0xffffffffffffffff

Linker script and memory map

                0x0000000000100000                . = 0x100000

.text           0x0000000000100000     0x1258
                0x0000000000100000                _text_start = .
 *(.multiboot)
 .multiboot     0x0000000000100000       0x14 boot.o
                0x000000000010000c                mbi
                0x0000000000100010                mbi_magic
 *(.text)
 .text          0x0000000000100014       0x1a boot.o
                0x0000000000100014                entry
 .text          0x000000000010002e      0x220 hello.o
                0x000000000010002e                cls
                0x0000000000100085                putint
                0x00000000001000b8                putchar
                0x0000000000100172                puts
                0x000000000010019b                hello
                0x000000000010024e                _text_end = .
                0x000000000010024e                _data_start = .
 *(.rodata)
 *(.data)
 .data          0x000000000010024e     0x1000 boot.o
 .data          0x000000000010124e        0x0 hello.o
                0x000000000010124e                _data_end = .
                0x000000000010124e                _bss_start = .
 *(COMMON)
 *(.bss)
 .bss           0x000000000010124e        0x0 boot.o
 *fill*         0x000000000010124e        0x2 
 .bss           0x0000000000101250        0x8 hello.o
                0x0000000000101258                _bss_end = .
LOAD boot.o
LOAD hello.o
OUTPUT(hello elf32-i386)

.iplt           0x0000000000101260        0x0
 .iplt          0x0000000000000000        0x0 boot.o

.igot.plt       0x0000000000101258        0x0
 .igot.plt      0x0000000000000000        0x0 boot.o

.rel.dyn        0x0000000000101258        0x0
 .rel.iplt      0x0000000000000000        0x0 boot.o
 .rel.text      0x0000000000000000        0x0 boot.o

.rodata.str1.1  0x0000000000101258       0x6a
 .rodata.str1.1
                0x0000000000101258       0x6a hello.o
                                         0x6c (size before relaxing)

.rodata.str1.4  0x00000000001012c4       0xb0
 .rodata.str1.4
                0x00000000001012c4       0xb0 hello.o

.eh_frame       0x0000000000101374       0xc8
 .eh_frame      0x0000000000101374       0xc8 hello.o

.comment        0x0000000000000000       0x24
 .comment       0x0000000000000000       0x24 hello.o
                                         0x25 (size before relaxing)

.note.GNU-stack
                0x0000000000000000        0x0
 .note.GNU-stack
                0x0000000000000000        0x0 hello.o
